#-----------------------------------------------------------
# Vivado v2019.2 (64-bit)
# SW Build 2708876 on Wed Nov  6 21:40:23 MST 2019
# IP Build 2700528 on Thu Nov  7 00:09:20 MST 2019
# Start of session at: Tue Apr 12 15:10:05 2022
# Process ID: 8300
# Current directory: E:/Code/4K-Upsampling-System-on-Zynq/vivado
# Command line: vivado.exe -gui_launcher_event rodinguilauncherevent8072 E:\Code\4K-Upsampling-System-on-Zynq\vivado\vivado.xpr
# Log file: E:/Code/4K-Upsampling-System-on-Zynq/vivado/vivado.log
# Journal file: E:/Code/4K-Upsampling-System-on-Zynq/vivado\vivado.jou
#-----------------------------------------------------------
start_gui
open_project E:/Code/4K-Upsampling-System-on-Zynq/vivado/vivado.xpr
update_compile_order -fileset sources_1
make_wrapper -files [get_files E:/Code/4K-Upsampling-System-on-Zynq/vivado/vivado.srcs/sources_1/bd/design_1/design_1.bd] -top
add_files -norecurse E:/Code/4K-Upsampling-System-on-Zynq/vivado/vivado.srcs/sources_1/bd/design_1/hdl/design_1_wrapper.v
add_files -fileset constrs_1 -norecurse E:/Code/4K-Upsampling-System-on-Zynq/src/constrain/upsampling.xdc
reset_run synth_1
launch_runs impl_1 -to_step write_bitstream -jobs 8
wait_on_run impl_1
open_run impl_1
report_utilization -name utilization_1
write_hw_platform -fixed -force  -include_bit -file E:/Code/4K-Upsampling-System-on-Zynq/vitis/design_1_wrapper.xsa
open_bd_design {E:/Code/4K-Upsampling-System-on-Zynq/vivado/vivado.srcs/sources_1/bd/design_1/design_1.bd}
startgroup
set_property -dict [list CONFIG.c_include_sg {0}] [get_bd_cells axi_dma_0]
delete_bd_objs [get_bd_intf_nets axi_dma_0_M_AXI_SG]
endgroup
regenerate_bd_layout
delete_bd_objs [get_bd_nets rst_ps7_0_142M_peripheral_aresetn] [get_bd_intf_nets axi_vdma_1_M_AXI_MM2S] [get_bd_intf_nets axi_mem_intercon_M00_AXI] [get_bd_intf_nets axi_dma_0_M_AXI_MM2S] [get_bd_intf_nets axi_dma_0_M_AXI_S2MM] [get_bd_cells axi_mem_intercon]
apply_bd_automation -rule xilinx.com:bd_rule:axi4 -config { Clk_master {/processing_system7_0/FCLK_CLK1 (142 MHz)} Clk_slave {/processing_system7_0/FCLK_CLK1 (142 MHz)} Clk_xbar {/processing_system7_0/FCLK_CLK1 (142 MHz)} Master {/axi_vdma_1/M_AXI_MM2S} Slave {/processing_system7_0/S_AXI_HP0} ddr_seg {Auto} intc_ip {New AXI Interconnect} master_apm {0}}  [get_bd_intf_pins processing_system7_0/S_AXI_HP0]
regenerate_bd_layout
undo
undo
undo
regenerate_bd_layout
delete_bd_objs [get_bd_nets rst_ps7_0_142M_peripheral_aresetn] [get_bd_intf_nets axi_vdma_1_M_AXI_MM2S] [get_bd_intf_nets axi_mem_intercon_M00_AXI] [get_bd_intf_nets axi_dma_0_M_AXI_MM2S] [get_bd_intf_nets axi_dma_0_M_AXI_S2MM] [get_bd_cells axi_mem_intercon]
apply_bd_automation -rule xilinx.com:bd_rule:axi4 -config { Clk_master {/processing_system7_0/FCLK_CLK1 (142 MHz)} Clk_slave {/processing_system7_0/FCLK_CLK1 (142 MHz)} Clk_xbar {/processing_system7_0/FCLK_CLK1 (142 MHz)} Master {/axi_vdma_1/M_AXI_MM2S} Slave {/processing_system7_0/S_AXI_HP0} ddr_seg {Auto} intc_ip {New AXI Interconnect} master_apm {0}}  [get_bd_intf_pins processing_system7_0/S_AXI_HP0]
startgroup
apply_bd_automation -rule xilinx.com:bd_rule:axi4 -config { Clk_master {/processing_system7_0/FCLK_CLK0 (100 MHz)} Clk_slave {/processing_system7_0/FCLK_CLK1 (142 MHz)} Clk_xbar {/processing_system7_0/FCLK_CLK1 (142 MHz)} Master {/axi_dma_0/M_AXI_MM2S} Slave {/processing_system7_0/S_AXI_HP0} ddr_seg {Auto} intc_ip {/axi_mem_intercon} master_apm {0}}  [get_bd_intf_pins axi_dma_0/M_AXI_MM2S]
apply_bd_automation -rule xilinx.com:bd_rule:axi4 -config { Clk_master {/processing_system7_0/FCLK_CLK0 (100 MHz)} Clk_slave {/processing_system7_0/FCLK_CLK1 (142 MHz)} Clk_xbar {/processing_system7_0/FCLK_CLK1 (142 MHz)} Master {/axi_dma_0/M_AXI_S2MM} Slave {/processing_system7_0/S_AXI_HP0} ddr_seg {Auto} intc_ip {/axi_mem_intercon} master_apm {0}}  [get_bd_intf_pins axi_dma_0/M_AXI_S2MM]
endgroup
regenerate_bd_layout
save_bd_design
ipx::edit_ip_in_project -upgrade true -name axi_dynclk_v1_0_project -directory E:/Code/4K-Upsampling-System-on-Zynq/vivado/vivado.tmp/axi_dynclk_v1_0_project e:/Code/4K-Upsampling-System-on-Zynq/src/ip_repo/axi_dynclk_v1_0/component.xml
update_compile_order -fileset sources_1
close_project
set_property location {1 271 332} [get_bd_cells rst_ps7_0_142M]
set_property location {2 545 414} [get_bd_cells ps7_0_axi_periph]
